obtv1@client1:~/signage$ sudo python3 test_direct_vlc.py
Testing VLC output methods...
Terminated
obtv1@client1:~/signage$ sudo python3 test_direct_vlc.py
Testing VLC output methods...
Terminated
obtv1@client1:~/signage$ curl -L https://raw.githubusercontent.com/tbnobed/signage/main/test_simple_display.py -o /home/obtv1/signage/test_simple_display.py
  % Total    % Received % Xferd  Average Speed   Time    Time     Time  Current
                                 Dload  Upload   Total   Spent    Left  Speed
100  2403  100  2403    0     0  11073      0 --:--:-- --:--:-- --:--:-- 11125
obtv1@client1:~/signage$ sudo python3 test_simple_display.py
Testing simple display output...

=== Testing basic VLC (no special options) ===
*** WATCH YOUR MONITOR FOR 10 SECONDS ***
Running: vlc --play-and-exit /home/obtv1/signage_media/452bf30e25f440098021a2286724b298.mp4
❌ Basic VLC exited
stderr: VLC is not supposed to be run as root. Sorry.
If you need to use real-time priorities and/or privileged TCP ports
you can use vlc-wrapper (make sure it is Set-UID root and
cannot be run by non-trusted

=== Testing mplayer (if available) ===
*** WATCH YOUR MONITOR FOR 10 SECONDS ***
Running: mplayer -fs /home/obtv1/signage_media/452bf30e25f440098021a2286724b298.mp4
❌ mplayer not available
obtv1@client1:~/signage$ ls -la /dev/fb*
crw-rw---- 1 root video 29, 0 Jul  8 21:19 /dev/fb0
obtv1@client1:~/signage$ ls -la /dev/dri/
total 0
drwxr-xr-x   3 root root        100 Jul  8 21:19 .
drwxr-xr-x  20 root root       4480 Jul  8 21:19 ..
drwxr-xr-x   2 root root         80 Jul  8 21:19 by-path
crw-rw----+  1 root video  226,   1 Jul  8 21:19 card1
crw-rw----+  1 root render 226, 128 Jul  8 21:19 renderD128
obtv1@client1:~/signage$ lsmod | grep drm
drm_buddy              20480  1 i915
drm_display_helper    237568  1 i915
cec                    94208  2 drm_display_helper,i915
obtv1@client1:~/signage$ cat /proc/fb
0 i915drmfb
obtv1@client1:~/signage$ dmesg | grep -i display
dmesg: read kernel buffer failed: Operation not permitted
obtv1@client1:~/signage$ sudo dmesg | grep -i display
[    5.752312] i915 display info: display version: 11
[    5.752321] i915 display info: cursor_needs_physical: no
[    5.752325] i915 display info: has_cdclk_crawl: no
[    5.752328] i915 display info: has_cdclk_squash: no
[    5.752331] i915 display info: has_ddi: yes
[    5.752333] i915 display info: has_dp_mst: yes
[    5.752336] i915 display info: has_dsb: no
[    5.752339] i915 display info: has_fpga_dbg: yes
[    5.752342] i915 display info: has_gmch: no
[    5.752344] i915 display info: has_hotplug: yes
[    5.752347] i915 display info: has_hti: no
[    5.752349] i915 display info: has_ipc: yes
[    5.752351] i915 display info: has_overlay: no
[    5.752354] i915 display info: has_psr: yes
[    5.752356] i915 display info: has_psr_hw_tracking: yes
[    5.752359] i915 display info: overlay_needs_physical: no
[    5.752361] i915 display info: supports_tv: no
[    5.752363] i915 display info: has_hdcp: yes
[    5.752365] i915 display info: has_dmc: yes
[    5.752368] i915 display info: has_dsc: yes
[    5.752370] i915 display info: rawclk rate: 19200 kHz
obtv1@client1:~/signage$